<h1>Hello, ZJelev</h1>
<p>It is 2020!</p>
<ul>
        <li>0</li>
        <li>1</li>
        <li>2</li>
        <li>3</li>
        <li>4</li>
</ul>
<p>123</p>
